
> backend@0.0.1 test
> jest

FAIL src/ai-moderation/ai-moderation.service.spec.ts
  ● AiModerationService › should be defined

    Nest can't resolve dependencies of the AiModerationService (?). Please make sure that the argument ConfigService at index [0] is available in the RootTestModule module.

    Potential solutions:
    - Is RootTestModule a valid NestJS module?
    - If ConfigService is a provider, is it part of the current RootTestModule?
    - If ConfigService is exported from a separate @Module, is that module imported within RootTestModule?
      @Module({
        imports: [ /* the Module containing ConfigService */ ]
      })

    For more common dependency resolution issues, see: https://docs.nestjs.com/faq/common-errors

       6 |
       7 |   beforeEach(async () => {
    >  8 |     const module: TestingModule = await Test.createTestingModule({
         |                                   ^
       9 |       providers: [AiModerationService],
      10 |     }).compile();
      11 |

      at TestingInjector.lookupComponentInParentModules (../node_modules/@nestjs/core/injector/injector.js:290:19)
      at TestingInjector.resolveComponentWrapper (../node_modules/@nestjs/testing/testing-injector.js:19:45)
      at resolveParam (../node_modules/@nestjs/core/injector/injector.js:140:38)
          at async Promise.all (index 0)
      at TestingInjector.resolveConstructorParams (../node_modules/@nestjs/core/injector/injector.js:169:27)
      at TestingInjector.loadInstance (../node_modules/@nestjs/core/injector/injector.js:75:13)
      at TestingInjector.loadProvider (../node_modules/@nestjs/core/injector/injector.js:103:9)
      at ../node_modules/@nestjs/core/injector/instance-loader.js:56:13
          at async Promise.all (index 3)
      at TestingInstanceLoader.createInstancesOfProviders (../node_modules/@nestjs/core/injector/instance-loader.js:55:9)
      at ../node_modules/@nestjs/core/injector/instance-loader.js:40:13
          at async Promise.all (index 1)
      at TestingInstanceLoader.createInstances (../node_modules/@nestjs/core/injector/instance-loader.js:39:9)
      at TestingInstanceLoader.createInstancesOfDependencies (../node_modules/@nestjs/core/injector/instance-loader.js:22:13)
      at TestingInstanceLoader.createInstancesOfDependencies (../node_modules/@nestjs/testing/testing-instance-loader.js:9:9)
      at TestingModuleBuilder.createInstancesOfDependencies (../node_modules/@nestjs/testing/testing-module.builder.js:118:9)
      at TestingModuleBuilder.compile (../node_modules/@nestjs/testing/testing-module.builder.js:74:9)
      at Object.<anonymous> (ai-moderation/ai-moderation.service.spec.ts:8:35)

FAIL src/finance/finance.controller.spec.ts
  ● FinanceController › should be defined

    Nest can't resolve dependencies of the AuthGuard (?, PrismaService). Please make sure that the argument SupabaseService at index [0] is available in the RootTestModule module.

    Potential solutions:
    - Is RootTestModule a valid NestJS module?
    - If SupabaseService is a provider, is it part of the current RootTestModule?
    - If SupabaseService is exported from a separate @Module, is that module imported within RootTestModule?
      @Module({
        imports: [ /* the Module containing SupabaseService */ ]
      })

    For more common dependency resolution issues, see: https://docs.nestjs.com/faq/common-errors

       9 |
      10 |   beforeEach(async () => {
    > 11 |     const module: TestingModule = await Test.createTestingModule({
         |                                   ^
      12 |       controllers: [FinanceController],
      13 |       providers: [
      14 |         { provide: ReconciliationService, useValue: {} },

      at TestingInjector.lookupComponentInParentModules (../node_modules/@nestjs/core/injector/injector.js:290:19)
      at TestingInjector.resolveComponentWrapper (../node_modules/@nestjs/testing/testing-injector.js:19:45)
      at resolveParam (../node_modules/@nestjs/core/injector/injector.js:140:38)
          at async Promise.all (index 0)
      at TestingInjector.resolveConstructorParams (../node_modules/@nestjs/core/injector/injector.js:169:27)
      at TestingInjector.loadInstance (../node_modules/@nestjs/core/injector/injector.js:75:13)
      at TestingInjector.loadInjectable (../node_modules/@nestjs/core/injector/injector.js:99:9)
      at ../node_modules/@nestjs/core/injector/instance-loader.js:80:13
          at async Promise.all (index 0)
      at TestingInstanceLoader.createInstancesOfInjectables (../node_modules/@nestjs/core/injector/instance-loader.js:79:9)
      at ../node_modules/@nestjs/core/injector/instance-loader.js:41:13
          at async Promise.all (index 1)
      at TestingInstanceLoader.createInstances (../node_modules/@nestjs/core/injector/instance-loader.js:39:9)
      at TestingInstanceLoader.createInstancesOfDependencies (../node_modules/@nestjs/core/injector/instance-loader.js:22:13)
      at TestingInstanceLoader.createInstancesOfDependencies (../node_modules/@nestjs/testing/testing-instance-loader.js:9:9)
      at TestingModuleBuilder.createInstancesOfDependencies (../node_modules/@nestjs/testing/testing-module.builder.js:118:9)
      at TestingModuleBuilder.compile (../node_modules/@nestjs/testing/testing-module.builder.js:74:9)
      at Object.<anonymous> (finance/finance.controller.spec.ts:11:35)

FAIL src/tours/tours.service.spec.ts
  ● ToursService › should be defined

    Nest can't resolve dependencies of the ToursService (PrismaService, CACHE_MANAGER, ?). Please make sure that the argument AiModerationService at index [2] is available in the RootTestModule module.

    Potential solutions:
    - Is RootTestModule a valid NestJS module?
    - If AiModerationService is a provider, is it part of the current RootTestModule?
    - If AiModerationService is exported from a separate @Module, is that module imported within RootTestModule?
      @Module({
        imports: [ /* the Module containing AiModerationService */ ]
      })

    For more common dependency resolution issues, see: https://docs.nestjs.com/faq/common-errors

      53 |
      54 |   beforeEach(async () => {
    > 55 |     const module: TestingModule = await Test.createTestingModule({
         |                                   ^
      56 |       providers: [
      57 |         ToursService,
      58 |         { provide: PrismaService, useValue: mockPrismaService },

      at TestingInjector.lookupComponentInParentModules (../node_modules/@nestjs/core/injector/injector.js:290:19)
      at TestingInjector.resolveComponentWrapper (../node_modules/@nestjs/testing/testing-injector.js:19:45)
      at resolveParam (../node_modules/@nestjs/core/injector/injector.js:140:38)
          at async Promise.all (index 2)
      at TestingInjector.resolveConstructorParams (../node_modules/@nestjs/core/injector/injector.js:169:27)
      at TestingInjector.loadInstance (../node_modules/@nestjs/core/injector/injector.js:75:13)
      at TestingInjector.loadProvider (../node_modules/@nestjs/core/injector/injector.js:103:9)
      at ../node_modules/@nestjs/core/injector/instance-loader.js:56:13
          at async Promise.all (index 3)
      at TestingInstanceLoader.createInstancesOfProviders (../node_modules/@nestjs/core/injector/instance-loader.js:55:9)
      at ../node_modules/@nestjs/core/injector/instance-loader.js:40:13
          at async Promise.all (index 1)
      at TestingInstanceLoader.createInstances (../node_modules/@nestjs/core/injector/instance-loader.js:39:9)
      at TestingInstanceLoader.createInstancesOfDependencies (../node_modules/@nestjs/core/injector/instance-loader.js:22:13)
      at TestingInstanceLoader.createInstancesOfDependencies (../node_modules/@nestjs/testing/testing-instance-loader.js:9:9)
      at TestingModuleBuilder.createInstancesOfDependencies (../node_modules/@nestjs/testing/testing-module.builder.js:118:9)
      at TestingModuleBuilder.compile (../node_modules/@nestjs/testing/testing-module.builder.js:74:9)
      at Object.<anonymous> (tours/tours.service.spec.ts:55:35)

  ● ToursService › getPublicTours › should return paginated tours with correct structure

    Nest can't resolve dependencies of the ToursService (PrismaService, CACHE_MANAGER, ?). Please make sure that the argument AiModerationService at index [2] is available in the RootTestModule module.

    Potential solutions:
    - Is RootTestModule a valid NestJS module?
    - If AiModerationService is a provider, is it part of the current RootTestModule?
    - If AiModerationService is exported from a separate @Module, is that module imported within RootTestModule?
      @Module({
        imports: [ /* the Module containing AiModerationService */ ]
      })

    For more common dependency resolution issues, see: https://docs.nestjs.com/faq/common-errors

      53 |
      54 |   beforeEach(async () => {
    > 55 |     const module: TestingModule = await Test.createTestingModule({
         |                                   ^
      56 |       providers: [
      57 |         ToursService,
      58 |         { provide: PrismaService, useValue: mockPrismaService },

      at TestingInjector.lookupComponentInParentModules (../node_modules/@nestjs/core/injector/injector.js:290:19)
      at TestingInjector.resolveComponentWrapper (../node_modules/@nestjs/testing/testing-injector.js:19:45)
      at resolveParam (../node_modules/@nestjs/core/injector/injector.js:140:38)
          at async Promise.all (index 2)
      at TestingInjector.resolveConstructorParams (../node_modules/@nestjs/core/injector/injector.js:169:27)
      at TestingInjector.loadInstance (../node_modules/@nestjs/core/injector/injector.js:75:13)
      at TestingInjector.loadProvider (../node_modules/@nestjs/core/injector/injector.js:103:9)
      at ../node_modules/@nestjs/core/injector/instance-loader.js:56:13
          at async Promise.all (index 3)
      at TestingInstanceLoader.createInstancesOfProviders (../node_modules/@nestjs/core/injector/instance-loader.js:55:9)
      at ../node_modules/@nestjs/core/injector/instance-loader.js:40:13
          at async Promise.all (index 1)
      at TestingInstanceLoader.createInstances (../node_modules/@nestjs/core/injector/instance-loader.js:39:9)
      at TestingInstanceLoader.createInstancesOfDependencies (../node_modules/@nestjs/core/injector/instance-loader.js:22:13)
      at TestingInstanceLoader.createInstancesOfDependencies (../node_modules/@nestjs/testing/testing-instance-loader.js:9:9)
      at TestingModuleBuilder.createInstancesOfDependencies (../node_modules/@nestjs/testing/testing-module.builder.js:118:9)
      at TestingModuleBuilder.compile (../node_modules/@nestjs/testing/testing-module.builder.js:74:9)
      at Object.<anonymous> (tours/tours.service.spec.ts:55:35)

  ● ToursService › getPublicTours › should apply default pagination when no params provided

    Nest can't resolve dependencies of the ToursService (PrismaService, CACHE_MANAGER, ?). Please make sure that the argument AiModerationService at index [2] is available in the RootTestModule module.

    Potential solutions:
    - Is RootTestModule a valid NestJS module?
    - If AiModerationService is a provider, is it part of the current RootTestModule?
    - If AiModerationService is exported from a separate @Module, is that module imported within RootTestModule?
      @Module({
        imports: [ /* the Module containing AiModerationService */ ]
      })

    For more common dependency resolution issues, see: https://docs.nestjs.com/faq/common-errors

      53 |
      54 |   beforeEach(async () => {
    > 55 |     const module: TestingModule = await Test.createTestingModule({
         |                                   ^
      56 |       providers: [
      57 |         ToursService,
      58 |         { provide: PrismaService, useValue: mockPrismaService },

      at TestingInjector.lookupComponentInParentModules (../node_modules/@nestjs/core/injector/injector.js:290:19)
      at TestingInjector.resolveComponentWrapper (../node_modules/@nestjs/testing/testing-injector.js:19:45)
      at resolveParam (../node_modules/@nestjs/core/injector/injector.js:140:38)
          at async Promise.all (index 2)
      at TestingInjector.resolveConstructorParams (../node_modules/@nestjs/core/injector/injector.js:169:27)
      at TestingInjector.loadInstance (../node_modules/@nestjs/core/injector/injector.js:75:13)
      at TestingInjector.loadProvider (../node_modules/@nestjs/core/injector/injector.js:103:9)
      at ../node_modules/@nestjs/core/injector/instance-loader.js:56:13
          at async Promise.all (index 3)
      at TestingInstanceLoader.createInstancesOfProviders (../node_modules/@nestjs/core/injector/instance-loader.js:55:9)
      at ../node_modules/@nestjs/core/injector/instance-loader.js:40:13
          at async Promise.all (index 1)
      at TestingInstanceLoader.createInstances (../node_modules/@nestjs/core/injector/instance-loader.js:39:9)
      at TestingInstanceLoader.createInstancesOfDependencies (../node_modules/@nestjs/core/injector/instance-loader.js:22:13)
      at TestingInstanceLoader.createInstancesOfDependencies (../node_modules/@nestjs/testing/testing-instance-loader.js:9:9)
      at TestingModuleBuilder.createInstancesOfDependencies (../node_modules/@nestjs/testing/testing-module.builder.js:118:9)
      at TestingModuleBuilder.compile (../node_modules/@nestjs/testing/testing-module.builder.js:74:9)
      at Object.<anonymous> (tours/tours.service.spec.ts:55:35)

  ● ToursService › getPublicTourDetail › should throw NotFoundException when tour does not exist

    Nest can't resolve dependencies of the ToursService (PrismaService, CACHE_MANAGER, ?). Please make sure that the argument AiModerationService at index [2] is available in the RootTestModule module.

    Potential solutions:
    - Is RootTestModule a valid NestJS module?
    - If AiModerationService is a provider, is it part of the current RootTestModule?
    - If AiModerationService is exported from a separate @Module, is that module imported within RootTestModule?
      @Module({
        imports: [ /* the Module containing AiModerationService */ ]
      })

    For more common dependency resolution issues, see: https://docs.nestjs.com/faq/common-errors

      53 |
      54 |   beforeEach(async () => {
    > 55 |     const module: TestingModule = await Test.createTestingModule({
         |                                   ^
      56 |       providers: [
      57 |         ToursService,
      58 |         { provide: PrismaService, useValue: mockPrismaService },

      at TestingInjector.lookupComponentInParentModules (../node_modules/@nestjs/core/injector/injector.js:290:19)
      at TestingInjector.resolveComponentWrapper (../node_modules/@nestjs/testing/testing-injector.js:19:45)
      at resolveParam (../node_modules/@nestjs/core/injector/injector.js:140:38)
          at async Promise.all (index 2)
      at TestingInjector.resolveConstructorParams (../node_modules/@nestjs/core/injector/injector.js:169:27)
      at TestingInjector.loadInstance (../node_modules/@nestjs/core/injector/injector.js:75:13)
      at TestingInjector.loadProvider (../node_modules/@nestjs/core/injector/injector.js:103:9)
      at ../node_modules/@nestjs/core/injector/instance-loader.js:56:13
          at async Promise.all (index 3)
      at TestingInstanceLoader.createInstancesOfProviders (../node_modules/@nestjs/core/injector/instance-loader.js:55:9)
      at ../node_modules/@nestjs/core/injector/instance-loader.js:40:13
          at async Promise.all (index 1)
      at TestingInstanceLoader.createInstances (../node_modules/@nestjs/core/injector/instance-loader.js:39:9)
      at TestingInstanceLoader.createInstancesOfDependencies (../node_modules/@nestjs/core/injector/instance-loader.js:22:13)
      at TestingInstanceLoader.createInstancesOfDependencies (../node_modules/@nestjs/testing/testing-instance-loader.js:9:9)
      at TestingModuleBuilder.createInstancesOfDependencies (../node_modules/@nestjs/testing/testing-module.builder.js:118:9)
      at TestingModuleBuilder.compile (../node_modules/@nestjs/testing/testing-module.builder.js:74:9)
      at Object.<anonymous> (tours/tours.service.spec.ts:55:35)

  ● ToursService › getPublicTourDetail › should return tour detail with related data

    Nest can't resolve dependencies of the ToursService (PrismaService, CACHE_MANAGER, ?). Please make sure that the argument AiModerationService at index [2] is available in the RootTestModule module.

    Potential solutions:
    - Is RootTestModule a valid NestJS module?
    - If AiModerationService is a provider, is it part of the current RootTestModule?
    - If AiModerationService is exported from a separate @Module, is that module imported within RootTestModule?
      @Module({
        imports: [ /* the Module containing AiModerationService */ ]
      })

    For more common dependency resolution issues, see: https://docs.nestjs.com/faq/common-errors

      53 |
      54 |   beforeEach(async () => {
    > 55 |     const module: TestingModule = await Test.createTestingModule({
         |                                   ^
      56 |       providers: [
      57 |         ToursService,
      58 |         { provide: PrismaService, useValue: mockPrismaService },

      at TestingInjector.lookupComponentInParentModules (../node_modules/@nestjs/core/injector/injector.js:290:19)
      at TestingInjector.resolveComponentWrapper (../node_modules/@nestjs/testing/testing-injector.js:19:45)
      at resolveParam (../node_modules/@nestjs/core/injector/injector.js:140:38)
          at async Promise.all (index 2)
      at TestingInjector.resolveConstructorParams (../node_modules/@nestjs/core/injector/injector.js:169:27)
      at TestingInjector.loadInstance (../node_modules/@nestjs/core/injector/injector.js:75:13)
      at TestingInjector.loadProvider (../node_modules/@nestjs/core/injector/injector.js:103:9)
      at ../node_modules/@nestjs/core/injector/instance-loader.js:56:13
          at async Promise.all (index 3)
      at TestingInstanceLoader.createInstancesOfProviders (../node_modules/@nestjs/core/injector/instance-loader.js:55:9)
      at ../node_modules/@nestjs/core/injector/instance-loader.js:40:13
          at async Promise.all (index 1)
      at TestingInstanceLoader.createInstances (../node_modules/@nestjs/core/injector/instance-loader.js:39:9)
      at TestingInstanceLoader.createInstancesOfDependencies (../node_modules/@nestjs/core/injector/instance-loader.js:22:13)
      at TestingInstanceLoader.createInstancesOfDependencies (../node_modules/@nestjs/testing/testing-instance-loader.js:9:9)
      at TestingModuleBuilder.createInstancesOfDependencies (../node_modules/@nestjs/testing/testing-module.builder.js:118:9)
      at TestingModuleBuilder.compile (../node_modules/@nestjs/testing/testing-module.builder.js:74:9)
      at Object.<anonymous> (tours/tours.service.spec.ts:55:35)

  ● ToursService › getTourCategories › should return list of categories

    Nest can't resolve dependencies of the ToursService (PrismaService, CACHE_MANAGER, ?). Please make sure that the argument AiModerationService at index [2] is available in the RootTestModule module.

    Potential solutions:
    - Is RootTestModule a valid NestJS module?
    - If AiModerationService is a provider, is it part of the current RootTestModule?
    - If AiModerationService is exported from a separate @Module, is that module imported within RootTestModule?
      @Module({
        imports: [ /* the Module containing AiModerationService */ ]
      })

    For more common dependency resolution issues, see: https://docs.nestjs.com/faq/common-errors

      53 |
      54 |   beforeEach(async () => {
    > 55 |     const module: TestingModule = await Test.createTestingModule({
         |                                   ^
      56 |       providers: [
      57 |         ToursService,
      58 |         { provide: PrismaService, useValue: mockPrismaService },

      at TestingInjector.lookupComponentInParentModules (../node_modules/@nestjs/core/injector/injector.js:290:19)
      at TestingInjector.resolveComponentWrapper (../node_modules/@nestjs/testing/testing-injector.js:19:45)
      at resolveParam (../node_modules/@nestjs/core/injector/injector.js:140:38)
          at async Promise.all (index 2)
      at TestingInjector.resolveConstructorParams (../node_modules/@nestjs/core/injector/injector.js:169:27)
      at TestingInjector.loadInstance (../node_modules/@nestjs/core/injector/injector.js:75:13)
      at TestingInjector.loadProvider (../node_modules/@nestjs/core/injector/injector.js:103:9)
      at ../node_modules/@nestjs/core/injector/instance-loader.js:56:13
          at async Promise.all (index 3)
      at TestingInstanceLoader.createInstancesOfProviders (../node_modules/@nestjs/core/injector/instance-loader.js:55:9)
      at ../node_modules/@nestjs/core/injector/instance-loader.js:40:13
          at async Promise.all (index 1)
      at TestingInstanceLoader.createInstances (../node_modules/@nestjs/core/injector/instance-loader.js:39:9)
      at TestingInstanceLoader.createInstancesOfDependencies (../node_modules/@nestjs/core/injector/instance-loader.js:22:13)
      at TestingInstanceLoader.createInstancesOfDependencies (../node_modules/@nestjs/testing/testing-instance-loader.js:9:9)
      at TestingModuleBuilder.createInstancesOfDependencies (../node_modules/@nestjs/testing/testing-module.builder.js:118:9)
      at TestingModuleBuilder.compile (../node_modules/@nestjs/testing/testing-module.builder.js:74:9)
      at Object.<anonymous> (tours/tours.service.spec.ts:55:35)

  ● ToursService › createTourSchedule › should throw BadRequestException when startDate is in the past

    Nest can't resolve dependencies of the ToursService (PrismaService, CACHE_MANAGER, ?). Please make sure that the argument AiModerationService at index [2] is available in the RootTestModule module.

    Potential solutions:
    - Is RootTestModule a valid NestJS module?
    - If AiModerationService is a provider, is it part of the current RootTestModule?
    - If AiModerationService is exported from a separate @Module, is that module imported within RootTestModule?
      @Module({
        imports: [ /* the Module containing AiModerationService */ ]
      })

    For more common dependency resolution issues, see: https://docs.nestjs.com/faq/common-errors

      53 |
      54 |   beforeEach(async () => {
    > 55 |     const module: TestingModule = await Test.createTestingModule({
         |                                   ^
      56 |       providers: [
      57 |         ToursService,
      58 |         { provide: PrismaService, useValue: mockPrismaService },

      at TestingInjector.lookupComponentInParentModules (../node_modules/@nestjs/core/injector/injector.js:290:19)
      at TestingInjector.resolveComponentWrapper (../node_modules/@nestjs/testing/testing-injector.js:19:45)
      at resolveParam (../node_modules/@nestjs/core/injector/injector.js:140:38)
          at async Promise.all (index 2)
      at TestingInjector.resolveConstructorParams (../node_modules/@nestjs/core/injector/injector.js:169:27)
      at TestingInjector.loadInstance (../node_modules/@nestjs/core/injector/injector.js:75:13)
      at TestingInjector.loadProvider (../node_modules/@nestjs/core/injector/injector.js:103:9)
      at ../node_modules/@nestjs/core/injector/instance-loader.js:56:13
          at async Promise.all (index 3)
      at TestingInstanceLoader.createInstancesOfProviders (../node_modules/@nestjs/core/injector/instance-loader.js:55:9)
      at ../node_modules/@nestjs/core/injector/instance-loader.js:40:13
          at async Promise.all (index 1)
      at TestingInstanceLoader.createInstances (../node_modules/@nestjs/core/injector/instance-loader.js:39:9)
      at TestingInstanceLoader.createInstancesOfDependencies (../node_modules/@nestjs/core/injector/instance-loader.js:22:13)
      at TestingInstanceLoader.createInstancesOfDependencies (../node_modules/@nestjs/testing/testing-instance-loader.js:9:9)
      at TestingModuleBuilder.createInstancesOfDependencies (../node_modules/@nestjs/testing/testing-module.builder.js:118:9)
      at TestingModuleBuilder.compile (../node_modules/@nestjs/testing/testing-module.builder.js:74:9)
      at Object.<anonymous> (tours/tours.service.spec.ts:55:35)

  ● ToursService › createTourSchedule › should create tour schedule when date is in the future and doesn't exist

    Nest can't resolve dependencies of the ToursService (PrismaService, CACHE_MANAGER, ?). Please make sure that the argument AiModerationService at index [2] is available in the RootTestModule module.

    Potential solutions:
    - Is RootTestModule a valid NestJS module?
    - If AiModerationService is a provider, is it part of the current RootTestModule?
    - If AiModerationService is exported from a separate @Module, is that module imported within RootTestModule?
      @Module({
        imports: [ /* the Module containing AiModerationService */ ]
      })

    For more common dependency resolution issues, see: https://docs.nestjs.com/faq/common-errors

      53 |
      54 |   beforeEach(async () => {
    > 55 |     const module: TestingModule = await Test.createTestingModule({
         |                                   ^
      56 |       providers: [
      57 |         ToursService,
      58 |         { provide: PrismaService, useValue: mockPrismaService },

      at TestingInjector.lookupComponentInParentModules (../node_modules/@nestjs/core/injector/injector.js:290:19)
      at TestingInjector.resolveComponentWrapper (../node_modules/@nestjs/testing/testing-injector.js:19:45)
      at resolveParam (../node_modules/@nestjs/core/injector/injector.js:140:38)
          at async Promise.all (index 2)
      at TestingInjector.resolveConstructorParams (../node_modules/@nestjs/core/injector/injector.js:169:27)
      at TestingInjector.loadInstance (../node_modules/@nestjs/core/injector/injector.js:75:13)
      at TestingInjector.loadProvider (../node_modules/@nestjs/core/injector/injector.js:103:9)
      at ../node_modules/@nestjs/core/injector/instance-loader.js:56:13
          at async Promise.all (index 3)
      at TestingInstanceLoader.createInstancesOfProviders (../node_modules/@nestjs/core/injector/instance-loader.js:55:9)
      at ../node_modules/@nestjs/core/injector/instance-loader.js:40:13
          at async Promise.all (index 1)
      at TestingInstanceLoader.createInstances (../node_modules/@nestjs/core/injector/instance-loader.js:39:9)
      at TestingInstanceLoader.createInstancesOfDependencies (../node_modules/@nestjs/core/injector/instance-loader.js:22:13)
      at TestingInstanceLoader.createInstancesOfDependencies (../node_modules/@nestjs/testing/testing-instance-loader.js:9:9)
      at TestingModuleBuilder.createInstancesOfDependencies (../node_modules/@nestjs/testing/testing-module.builder.js:118:9)
      at TestingModuleBuilder.compile (../node_modules/@nestjs/testing/testing-module.builder.js:74:9)
      at Object.<anonymous> (tours/tours.service.spec.ts:55:35)

FAIL src/reviews/reviews.service.spec.ts
  ● ReviewsService › should be defined

    Nest can't resolve dependencies of the ReviewsService (PrismaService, UserActivityLogsService, ?). Please make sure that the argument AiModerationService at index [2] is available in the RootTestModule module.

    Potential solutions:
    - Is RootTestModule a valid NestJS module?
    - If AiModerationService is a provider, is it part of the current RootTestModule?
    - If AiModerationService is exported from a separate @Module, is that module imported within RootTestModule?
      @Module({
        imports: [ /* the Module containing AiModerationService */ ]
      })

    For more common dependency resolution issues, see: https://docs.nestjs.com/faq/common-errors

      39 |
      40 |   beforeEach(async () => {
    > 41 |     const module: TestingModule = await Test.createTestingModule({
         |                                   ^
      42 |       providers: [
      43 |         ReviewsService,
      44 |         { provide: PrismaService, useValue: mockPrismaService },

      at TestingInjector.lookupComponentInParentModules (../node_modules/@nestjs/core/injector/injector.js:290:19)
      at TestingInjector.resolveComponentWrapper (../node_modules/@nestjs/testing/testing-injector.js:19:45)
      at resolveParam (../node_modules/@nestjs/core/injector/injector.js:140:38)
          at async Promise.all (index 2)
      at TestingInjector.resolveConstructorParams (../node_modules/@nestjs/core/injector/injector.js:169:27)
      at TestingInjector.loadInstance (../node_modules/@nestjs/core/injector/injector.js:75:13)
      at TestingInjector.loadProvider (../node_modules/@nestjs/core/injector/injector.js:103:9)
      at ../node_modules/@nestjs/core/injector/instance-loader.js:56:13
          at async Promise.all (index 3)
      at TestingInstanceLoader.createInstancesOfProviders (../node_modules/@nestjs/core/injector/instance-loader.js:55:9)
      at ../node_modules/@nestjs/core/injector/instance-loader.js:40:13
          at async Promise.all (index 1)
      at TestingInstanceLoader.createInstances (../node_modules/@nestjs/core/injector/instance-loader.js:39:9)
      at TestingInstanceLoader.createInstancesOfDependencies (../node_modules/@nestjs/core/injector/instance-loader.js:22:13)
      at TestingInstanceLoader.createInstancesOfDependencies (../node_modules/@nestjs/testing/testing-instance-loader.js:9:9)
      at TestingModuleBuilder.createInstancesOfDependencies (../node_modules/@nestjs/testing/testing-module.builder.js:118:9)
      at TestingModuleBuilder.compile (../node_modules/@nestjs/testing/testing-module.builder.js:74:9)
      at Object.<anonymous> (reviews/reviews.service.spec.ts:41:35)

  ● ReviewsService › createTourReview › should throw NotFoundException when tour request does not exist

    Nest can't resolve dependencies of the ReviewsService (PrismaService, UserActivityLogsService, ?). Please make sure that the argument AiModerationService at index [2] is available in the RootTestModule module.

    Potential solutions:
    - Is RootTestModule a valid NestJS module?
    - If AiModerationService is a provider, is it part of the current RootTestModule?
    - If AiModerationService is exported from a separate @Module, is that module imported within RootTestModule?
      @Module({
        imports: [ /* the Module containing AiModerationService */ ]
      })

    For more common dependency resolution issues, see: https://docs.nestjs.com/faq/common-errors

      39 |
      40 |   beforeEach(async () => {
    > 41 |     const module: TestingModule = await Test.createTestingModule({
         |                                   ^
      42 |       providers: [
      43 |         ReviewsService,
      44 |         { provide: PrismaService, useValue: mockPrismaService },

      at TestingInjector.lookupComponentInParentModules (../node_modules/@nestjs/core/injector/injector.js:290:19)
      at TestingInjector.resolveComponentWrapper (../node_modules/@nestjs/testing/testing-injector.js:19:45)
      at resolveParam (../node_modules/@nestjs/core/injector/injector.js:140:38)
          at async Promise.all (index 2)
      at TestingInjector.resolveConstructorParams (../node_modules/@nestjs/core/injector/injector.js:169:27)
      at TestingInjector.loadInstance (../node_modules/@nestjs/core/injector/injector.js:75:13)
      at TestingInjector.loadProvider (../node_modules/@nestjs/core/injector/injector.js:103:9)
      at ../node_modules/@nestjs/core/injector/instance-loader.js:56:13
          at async Promise.all (index 3)
      at TestingInstanceLoader.createInstancesOfProviders (../node_modules/@nestjs/core/injector/instance-loader.js:55:9)
      at ../node_modules/@nestjs/core/injector/instance-loader.js:40:13
          at async Promise.all (index 1)
      at TestingInstanceLoader.createInstances (../node_modules/@nestjs/core/injector/instance-loader.js:39:9)
      at TestingInstanceLoader.createInstancesOfDependencies (../node_modules/@nestjs/core/injector/instance-loader.js:22:13)
      at TestingInstanceLoader.createInstancesOfDependencies (../node_modules/@nestjs/testing/testing-instance-loader.js:9:9)
      at TestingModuleBuilder.createInstancesOfDependencies (../node_modules/@nestjs/testing/testing-module.builder.js:118:9)
      at TestingModuleBuilder.compile (../node_modules/@nestjs/testing/testing-module.builder.js:74:9)
      at Object.<anonymous> (reviews/reviews.service.spec.ts:41:35)

  ● ReviewsService › createTourReview › should throw ForbiddenException when user does not own the request

    Nest can't resolve dependencies of the ReviewsService (PrismaService, UserActivityLogsService, ?). Please make sure that the argument AiModerationService at index [2] is available in the RootTestModule module.

    Potential solutions:
    - Is RootTestModule a valid NestJS module?
    - If AiModerationService is a provider, is it part of the current RootTestModule?
    - If AiModerationService is exported from a separate @Module, is that module imported within RootTestModule?
      @Module({
        imports: [ /* the Module containing AiModerationService */ ]
      })

    For more common dependency resolution issues, see: https://docs.nestjs.com/faq/common-errors

      39 |
      40 |   beforeEach(async () => {
    > 41 |     const module: TestingModule = await Test.createTestingModule({
         |                                   ^
      42 |       providers: [
      43 |         ReviewsService,
      44 |         { provide: PrismaService, useValue: mockPrismaService },

      at TestingInjector.lookupComponentInParentModules (../node_modules/@nestjs/core/injector/injector.js:290:19)
      at TestingInjector.resolveComponentWrapper (../node_modules/@nestjs/testing/testing-injector.js:19:45)
      at resolveParam (../node_modules/@nestjs/core/injector/injector.js:140:38)
          at async Promise.all (index 2)
      at TestingInjector.resolveConstructorParams (../node_modules/@nestjs/core/injector/injector.js:169:27)
      at TestingInjector.loadInstance (../node_modules/@nestjs/core/injector/injector.js:75:13)
      at TestingInjector.loadProvider (../node_modules/@nestjs/core/injector/injector.js:103:9)
      at ../node_modules/@nestjs/core/injector/instance-loader.js:56:13
          at async Promise.all (index 3)
      at TestingInstanceLoader.createInstancesOfProviders (../node_modules/@nestjs/core/injector/instance-loader.js:55:9)
      at ../node_modules/@nestjs/core/injector/instance-loader.js:40:13
          at async Promise.all (index 1)
      at TestingInstanceLoader.createInstances (../node_modules/@nestjs/core/injector/instance-loader.js:39:9)
      at TestingInstanceLoader.createInstancesOfDependencies (../node_modules/@nestjs/core/injector/instance-loader.js:22:13)
      at TestingInstanceLoader.createInstancesOfDependencies (../node_modules/@nestjs/testing/testing-instance-loader.js:9:9)
      at TestingModuleBuilder.createInstancesOfDependencies (../node_modules/@nestjs/testing/testing-module.builder.js:118:9)
      at TestingModuleBuilder.compile (../node_modules/@nestjs/testing/testing-module.builder.js:74:9)
      at Object.<anonymous> (reviews/reviews.service.spec.ts:41:35)

  ● ReviewsService › createTourReview › should throw BadRequestException when tour request has invalid status

    Nest can't resolve dependencies of the ReviewsService (PrismaService, UserActivityLogsService, ?). Please make sure that the argument AiModerationService at index [2] is available in the RootTestModule module.

    Potential solutions:
    - Is RootTestModule a valid NestJS module?
    - If AiModerationService is a provider, is it part of the current RootTestModule?
    - If AiModerationService is exported from a separate @Module, is that module imported within RootTestModule?
      @Module({
        imports: [ /* the Module containing AiModerationService */ ]
      })

    For more common dependency resolution issues, see: https://docs.nestjs.com/faq/common-errors

      39 |
      40 |   beforeEach(async () => {
    > 41 |     const module: TestingModule = await Test.createTestingModule({
         |                                   ^
      42 |       providers: [
      43 |         ReviewsService,
      44 |         { provide: PrismaService, useValue: mockPrismaService },

      at TestingInjector.lookupComponentInParentModules (../node_modules/@nestjs/core/injector/injector.js:290:19)
      at TestingInjector.resolveComponentWrapper (../node_modules/@nestjs/testing/testing-injector.js:19:45)
      at resolveParam (../node_modules/@nestjs/core/injector/injector.js:140:38)
          at async Promise.all (index 2)
      at TestingInjector.resolveConstructorParams (../node_modules/@nestjs/core/injector/injector.js:169:27)
      at TestingInjector.loadInstance (../node_modules/@nestjs/core/injector/injector.js:75:13)
      at TestingInjector.loadProvider (../node_modules/@nestjs/core/injector/injector.js:103:9)
      at ../node_modules/@nestjs/core/injector/instance-loader.js:56:13
          at async Promise.all (index 3)
      at TestingInstanceLoader.createInstancesOfProviders (../node_modules/@nestjs/core/injector/instance-loader.js:55:9)
      at ../node_modules/@nestjs/core/injector/instance-loader.js:40:13
          at async Promise.all (index 1)
      at TestingInstanceLoader.createInstances (../node_modules/@nestjs/core/injector/instance-loader.js:39:9)
      at TestingInstanceLoader.createInstancesOfDependencies (../node_modules/@nestjs/core/injector/instance-loader.js:22:13)
      at TestingInstanceLoader.createInstancesOfDependencies (../node_modules/@nestjs/testing/testing-instance-loader.js:9:9)
      at TestingModuleBuilder.createInstancesOfDependencies (../node_modules/@nestjs/testing/testing-module.builder.js:118:9)
      at TestingModuleBuilder.compile (../node_modules/@nestjs/testing/testing-module.builder.js:74:9)
      at Object.<anonymous> (reviews/reviews.service.spec.ts:41:35)

  ● ReviewsService › createTourReview › should throw ConflictException when user already reviewed

    Nest can't resolve dependencies of the ReviewsService (PrismaService, UserActivityLogsService, ?). Please make sure that the argument AiModerationService at index [2] is available in the RootTestModule module.

    Potential solutions:
    - Is RootTestModule a valid NestJS module?
    - If AiModerationService is a provider, is it part of the current RootTestModule?
    - If AiModerationService is exported from a separate @Module, is that module imported within RootTestModule?
      @Module({
        imports: [ /* the Module containing AiModerationService */ ]
      })

    For more common dependency resolution issues, see: https://docs.nestjs.com/faq/common-errors

      39 |
      40 |   beforeEach(async () => {
    > 41 |     const module: TestingModule = await Test.createTestingModule({
         |                                   ^
      42 |       providers: [
      43 |         ReviewsService,
      44 |         { provide: PrismaService, useValue: mockPrismaService },

      at TestingInjector.lookupComponentInParentModules (../node_modules/@nestjs/core/injector/injector.js:290:19)
      at TestingInjector.resolveComponentWrapper (../node_modules/@nestjs/testing/testing-injector.js:19:45)
      at resolveParam (../node_modules/@nestjs/core/injector/injector.js:140:38)
          at async Promise.all (index 2)
      at TestingInjector.resolveConstructorParams (../node_modules/@nestjs/core/injector/injector.js:169:27)
      at TestingInjector.loadInstance (../node_modules/@nestjs/core/injector/injector.js:75:13)
      at TestingInjector.loadProvider (../node_modules/@nestjs/core/injector/injector.js:103:9)
      at ../node_modules/@nestjs/core/injector/instance-loader.js:56:13
          at async Promise.all (index 3)
      at TestingInstanceLoader.createInstancesOfProviders (../node_modules/@nestjs/core/injector/instance-loader.js:55:9)
      at ../node_modules/@nestjs/core/injector/instance-loader.js:40:13
          at async Promise.all (index 1)
      at TestingInstanceLoader.createInstances (../node_modules/@nestjs/core/injector/instance-loader.js:39:9)
      at TestingInstanceLoader.createInstancesOfDependencies (../node_modules/@nestjs/core/injector/instance-loader.js:22:13)
      at TestingInstanceLoader.createInstancesOfDependencies (../node_modules/@nestjs/testing/testing-instance-loader.js:9:9)
      at TestingModuleBuilder.createInstancesOfDependencies (../node_modules/@nestjs/testing/testing-module.builder.js:118:9)
      at TestingModuleBuilder.compile (../node_modules/@nestjs/testing/testing-module.builder.js:74:9)
      at Object.<anonymous> (reviews/reviews.service.spec.ts:41:35)

  ● ReviewsService › createTourReview › should create review successfully with valid data

    Nest can't resolve dependencies of the ReviewsService (PrismaService, UserActivityLogsService, ?). Please make sure that the argument AiModerationService at index [2] is available in the RootTestModule module.

    Potential solutions:
    - Is RootTestModule a valid NestJS module?
    - If AiModerationService is a provider, is it part of the current RootTestModule?
    - If AiModerationService is exported from a separate @Module, is that module imported within RootTestModule?
      @Module({
        imports: [ /* the Module containing AiModerationService */ ]
      })

    For more common dependency resolution issues, see: https://docs.nestjs.com/faq/common-errors

      39 |
      40 |   beforeEach(async () => {
    > 41 |     const module: TestingModule = await Test.createTestingModule({
         |                                   ^
      42 |       providers: [
      43 |         ReviewsService,
      44 |         { provide: PrismaService, useValue: mockPrismaService },

      at TestingInjector.lookupComponentInParentModules (../node_modules/@nestjs/core/injector/injector.js:290:19)
      at TestingInjector.resolveComponentWrapper (../node_modules/@nestjs/testing/testing-injector.js:19:45)
      at resolveParam (../node_modules/@nestjs/core/injector/injector.js:140:38)
          at async Promise.all (index 2)
      at TestingInjector.resolveConstructorParams (../node_modules/@nestjs/core/injector/injector.js:169:27)
      at TestingInjector.loadInstance (../node_modules/@nestjs/core/injector/injector.js:75:13)
      at TestingInjector.loadProvider (../node_modules/@nestjs/core/injector/injector.js:103:9)
      at ../node_modules/@nestjs/core/injector/instance-loader.js:56:13
          at async Promise.all (index 3)
      at TestingInstanceLoader.createInstancesOfProviders (../node_modules/@nestjs/core/injector/instance-loader.js:55:9)
      at ../node_modules/@nestjs/core/injector/instance-loader.js:40:13
          at async Promise.all (index 1)
      at TestingInstanceLoader.createInstances (../node_modules/@nestjs/core/injector/instance-loader.js:39:9)
      at TestingInstanceLoader.createInstancesOfDependencies (../node_modules/@nestjs/core/injector/instance-loader.js:22:13)
      at TestingInstanceLoader.createInstancesOfDependencies (../node_modules/@nestjs/testing/testing-instance-loader.js:9:9)
      at TestingModuleBuilder.createInstancesOfDependencies (../node_modules/@nestjs/testing/testing-module.builder.js:118:9)
      at TestingModuleBuilder.compile (../node_modules/@nestjs/testing/testing-module.builder.js:74:9)
      at Object.<anonymous> (reviews/reviews.service.spec.ts:41:35)

  ● ReviewsService › getTourReviews › should return paginated reviews with user info

    Nest can't resolve dependencies of the ReviewsService (PrismaService, UserActivityLogsService, ?). Please make sure that the argument AiModerationService at index [2] is available in the RootTestModule module.

    Potential solutions:
    - Is RootTestModule a valid NestJS module?
    - If AiModerationService is a provider, is it part of the current RootTestModule?
    - If AiModerationService is exported from a separate @Module, is that module imported within RootTestModule?
      @Module({
        imports: [ /* the Module containing AiModerationService */ ]
      })

    For more common dependency resolution issues, see: https://docs.nestjs.com/faq/common-errors

      39 |
      40 |   beforeEach(async () => {
    > 41 |     const module: TestingModule = await Test.createTestingModule({
         |                                   ^
      42 |       providers: [
      43 |         ReviewsService,
      44 |         { provide: PrismaService, useValue: mockPrismaService },

      at TestingInjector.lookupComponentInParentModules (../node_modules/@nestjs/core/injector/injector.js:290:19)
      at TestingInjector.resolveComponentWrapper (../node_modules/@nestjs/testing/testing-injector.js:19:45)
      at resolveParam (../node_modules/@nestjs/core/injector/injector.js:140:38)
          at async Promise.all (index 2)
      at TestingInjector.resolveConstructorParams (../node_modules/@nestjs/core/injector/injector.js:169:27)
      at TestingInjector.loadInstance (../node_modules/@nestjs/core/injector/injector.js:75:13)
      at TestingInjector.loadProvider (../node_modules/@nestjs/core/injector/injector.js:103:9)
      at ../node_modules/@nestjs/core/injector/instance-loader.js:56:13
          at async Promise.all (index 3)
      at TestingInstanceLoader.createInstancesOfProviders (../node_modules/@nestjs/core/injector/instance-loader.js:55:9)
      at ../node_modules/@nestjs/core/injector/instance-loader.js:40:13
          at async Promise.all (index 1)
      at TestingInstanceLoader.createInstances (../node_modules/@nestjs/core/injector/instance-loader.js:39:9)
      at TestingInstanceLoader.createInstancesOfDependencies (../node_modules/@nestjs/core/injector/instance-loader.js:22:13)
      at TestingInstanceLoader.createInstancesOfDependencies (../node_modules/@nestjs/testing/testing-instance-loader.js:9:9)
      at TestingModuleBuilder.createInstancesOfDependencies (../node_modules/@nestjs/testing/testing-module.builder.js:118:9)
      at TestingModuleBuilder.compile (../node_modules/@nestjs/testing/testing-module.builder.js:74:9)
      at Object.<anonymous> (reviews/reviews.service.spec.ts:41:35)

  ● ReviewsService › getTourReviews › should handle empty reviews list

    Nest can't resolve dependencies of the ReviewsService (PrismaService, UserActivityLogsService, ?). Please make sure that the argument AiModerationService at index [2] is available in the RootTestModule module.

    Potential solutions:
    - Is RootTestModule a valid NestJS module?
    - If AiModerationService is a provider, is it part of the current RootTestModule?
    - If AiModerationService is exported from a separate @Module, is that module imported within RootTestModule?
      @Module({
        imports: [ /* the Module containing AiModerationService */ ]
      })

    For more common dependency resolution issues, see: https://docs.nestjs.com/faq/common-errors

      39 |
      40 |   beforeEach(async () => {
    > 41 |     const module: TestingModule = await Test.createTestingModule({
         |                                   ^
      42 |       providers: [
      43 |         ReviewsService,
      44 |         { provide: PrismaService, useValue: mockPrismaService },

      at TestingInjector.lookupComponentInParentModules (../node_modules/@nestjs/core/injector/injector.js:290:19)
      at TestingInjector.resolveComponentWrapper (../node_modules/@nestjs/testing/testing-injector.js:19:45)
      at resolveParam (../node_modules/@nestjs/core/injector/injector.js:140:38)
          at async Promise.all (index 2)
      at TestingInjector.resolveConstructorParams (../node_modules/@nestjs/core/injector/injector.js:169:27)
      at TestingInjector.loadInstance (../node_modules/@nestjs/core/injector/injector.js:75:13)
      at TestingInjector.loadProvider (../node_modules/@nestjs/core/injector/injector.js:103:9)
      at ../node_modules/@nestjs/core/injector/instance-loader.js:56:13
          at async Promise.all (index 3)
      at TestingInstanceLoader.createInstancesOfProviders (../node_modules/@nestjs/core/injector/instance-loader.js:55:9)
      at ../node_modules/@nestjs/core/injector/instance-loader.js:40:13
          at async Promise.all (index 1)
      at TestingInstanceLoader.createInstances (../node_modules/@nestjs/core/injector/instance-loader.js:39:9)
      at TestingInstanceLoader.createInstancesOfDependencies (../node_modules/@nestjs/core/injector/instance-loader.js:22:13)
      at TestingInstanceLoader.createInstancesOfDependencies (../node_modules/@nestjs/testing/testing-instance-loader.js:9:9)
      at TestingModuleBuilder.createInstancesOfDependencies (../node_modules/@nestjs/testing/testing-module.builder.js:118:9)
      at TestingModuleBuilder.compile (../node_modules/@nestjs/testing/testing-module.builder.js:74:9)
      at Object.<anonymous> (reviews/reviews.service.spec.ts:41:35)

PASS src/admin/admin.service.spec.ts
  ● Console

    console.error
      Gemini Moderation Error, falling back to regex: Error: API Failure
          at Object.<anonymous> (/Users/twot/Documents/CODE/DACS_TravelConnect_VN/TravelConnectVN/backend/src/admin/admin.service.spec.ts:83:7)
          at Promise.finally.completed (/Users/twot/Documents/CODE/DACS_TravelConnect_VN/TravelConnectVN/backend/node_modules/jest-circus/build/jestAdapterInit.js:1557:28)
          at new Promise (<anonymous>)
          at callAsyncCircusFn (/Users/twot/Documents/CODE/DACS_TravelConnect_VN/TravelConnectVN/backend/node_modules/jest-circus/build/jestAdapterInit.js:1497:10)
          at _callCircusTest (/Users/twot/Documents/CODE/DACS_TravelConnect_VN/TravelConnectVN/backend/node_modules/jest-circus/build/jestAdapterInit.js:1007:40)
          at processTicksAndRejections (node:internal/process/task_queues:104:5)
          at _runTest (/Users/twot/Documents/CODE/DACS_TravelConnect_VN/TravelConnectVN/backend/node_modules/jest-circus/build/jestAdapterInit.js:947:3)
          at /Users/twot/Documents/CODE/DACS_TravelConnect_VN/TravelConnectVN/backend/node_modules/jest-circus/build/jestAdapterInit.js:849:7
          at _runTestsForDescribeBlock (/Users/twot/Documents/CODE/DACS_TravelConnect_VN/TravelConnectVN/backend/node_modules/jest-circus/build/jestAdapterInit.js:862:11)
          at _runTestsForDescribeBlock (/Users/twot/Documents/CODE/DACS_TravelConnect_VN/TravelConnectVN/backend/node_modules/jest-circus/build/jestAdapterInit.js:857:11)
          at run (/Users/twot/Documents/CODE/DACS_TravelConnect_VN/TravelConnectVN/backend/node_modules/jest-circus/build/jestAdapterInit.js:761:3)
          at runAndTransformResultsToJestFormat (/Users/twot/Documents/CODE/DACS_TravelConnect_VN/TravelConnectVN/backend/node_modules/jest-circus/build/jestAdapterInit.js:1918:21)
          at jestAdapter (/Users/twot/Documents/CODE/DACS_TravelConnect_VN/TravelConnectVN/backend/node_modules/jest-circus/build/runner.js:101:19)
          at runTestInternal (/Users/twot/Documents/CODE/DACS_TravelConnect_VN/TravelConnectVN/backend/node_modules/jest-runner/build/testWorker.js:275:16)
          at runTest (/Users/twot/Documents/CODE/DACS_TravelConnect_VN/TravelConnectVN/backend/node_modules/jest-runner/build/testWorker.js:343:7)
          at Object.worker (/Users/twot/Documents/CODE/DACS_TravelConnect_VN/TravelConnectVN/backend/node_modules/jest-runner/build/testWorker.js:497:12)

      1263 |       return parsed;
      1264 |     } catch (error) {
    > 1265 |       console.error('Gemini Moderation Error, falling back to regex:', error);
           |               ^
      1266 |       const highlights: Array<{
      1267 |         text: string;
      1268 |         type: string;

      at AdminService.analyzeContent (admin/admin.service.ts:1265:15)
      at Object.<anonymous> (admin/admin.service.spec.ts:86:20)

PASS src/tickets/tickets.service.spec.ts
PASS src/tour-requests/tour-requests.service.spec.ts
PASS src/guide-verification/guide-verification.controller.spec.ts
PASS src/finance/invoice.service.spec.ts
PASS src/guide-verification/guide-verification.service.spec.ts
PASS src/favorites/favorites.controller.spec.ts
PASS src/recommendations/recommendations.controller.spec.ts
PASS src/mail/mail.service.spec.ts
PASS src/sos/sos.service.spec.ts
PASS src/companion-reviews/companion-reviews.service.spec.ts
PASS src/favorites/favorites.service.spec.ts
PASS src/reviews/reviews.controller.spec.ts
PASS src/accommodations/accommodations.service.spec.ts
PASS src/payments/payments.controller.spec.ts
PASS src/payments/payments.service.spec.ts
  ● Console

    console.error
      Error creating payment: BadRequestException: Trạng thái yêu cầu không hợp lệ để thanh toán (Yêu cầu cần được duyệt trước)
          at PaymentsService.createPaymentUrl (/Users/twot/Documents/CODE/DACS_TravelConnect_VN/TravelConnectVN/backend/src/payments/payments.service.ts:64:15)
          at processTicksAndRejections (node:internal/process/task_queues:104:5)
          at Object.<anonymous> (/Users/twot/Documents/CODE/DACS_TravelConnect_VN/TravelConnectVN/backend/src/payments/payments.service.spec.ts:70:7) {
        response: {
          message: 'Trạng thái yêu cầu không hợp lệ để thanh toán (Yêu cầu cần được duyệt trước)',
          error: 'Bad Request',
          statusCode: 400
        },
        status: 400,
        options: {}
      }

      185 |       return { paymentUrl: vnpUrl };
      186 |     } catch (error) {
    > 187 |       console.error('Error creating payment:', error);
          |               ^
      188 |       if (
      189 |         error instanceof NotFoundException ||
      190 |         error instanceof BadRequestException

      at PaymentsService.createPaymentUrl (payments/payments.service.ts:187:15)
      at Object.<anonymous> (payments/payments.service.spec.ts:70:7)

    console.log
      IPN Params: {
        vnp_TxnRef: 'tx_123',
        vnp_ResponseCode: '00',
        vnp_Amount: '5000000',
        vnp_SecureHash: 'a261f71916e166619e552c289f2811b3c2e5825679581d6da5001a11e5ed6b73d73c258b517edd309d45fcfd5461957d6c1e007042478444603445630592a4d9'
      }

      at PaymentsService.vnpayIpn (payments/payments.service.ts:200:15)

    console.log
      IPN Params: {
        vnp_TxnRef: 'tx_123',
        vnp_ResponseCode: '00',
        vnp_Amount: '5000000',
        vnp_SecureHash: 'a261f71916e166619e552c289f2811b3c2e5825679581d6da5001a11e5ed6b73d73c258b517edd309d45fcfd5461957d6c1e007042478444603445630592a4d9'
      }

      at PaymentsService.vnpayIpn (payments/payments.service.ts:200:15)

    console.log
      [PaymentsService] Đã đưa job gửi hóa đơn vào Queue cho test@example.com

      at PaymentsService.vnpayIpn (payments/payments.service.ts:373:25)

PASS src/app.controller.spec.ts
PASS src/disputes/disputes.service.spec.ts
PASS src/scheduler/scheduler.service.spec.ts
PASS src/finance/cashflow-forecasting.service.spec.ts
PASS src/finance/reconciliation.service.spec.ts
PASS src/accommodations/accommodations.controller.spec.ts
PASS src/recommendations/recommendations.service.spec.ts

Summary of all failing tests
FAIL ai-moderation/ai-moderation.service.spec.ts
  ● AiModerationService › should be defined

    Nest can't resolve dependencies of the AiModerationService (?). Please make sure that the argument ConfigService at index [0] is available in the RootTestModule module.

    Potential solutions:
    - Is RootTestModule a valid NestJS module?
    - If ConfigService is a provider, is it part of the current RootTestModule?
    - If ConfigService is exported from a separate @Module, is that module imported within RootTestModule?
      @Module({
        imports: [ /* the Module containing ConfigService */ ]
      })

    For more common dependency resolution issues, see: https://docs.nestjs.com/faq/common-errors

       6 |
       7 |   beforeEach(async () => {
    >  8 |     const module: TestingModule = await Test.createTestingModule({
         |                                   ^
       9 |       providers: [AiModerationService],
      10 |     }).compile();
      11 |

      at TestingInjector.lookupComponentInParentModules (../node_modules/@nestjs/core/injector/injector.js:290:19)
      at TestingInjector.resolveComponentWrapper (../node_modules/@nestjs/testing/testing-injector.js:19:45)
      at resolveParam (../node_modules/@nestjs/core/injector/injector.js:140:38)
          at async Promise.all (index 0)
      at TestingInjector.resolveConstructorParams (../node_modules/@nestjs/core/injector/injector.js:169:27)
      at TestingInjector.loadInstance (../node_modules/@nestjs/core/injector/injector.js:75:13)
      at TestingInjector.loadProvider (../node_modules/@nestjs/core/injector/injector.js:103:9)
      at ../node_modules/@nestjs/core/injector/instance-loader.js:56:13
          at async Promise.all (index 3)
      at TestingInstanceLoader.createInstancesOfProviders (../node_modules/@nestjs/core/injector/instance-loader.js:55:9)
      at ../node_modules/@nestjs/core/injector/instance-loader.js:40:13
          at async Promise.all (index 1)
      at TestingInstanceLoader.createInstances (../node_modules/@nestjs/core/injector/instance-loader.js:39:9)
      at TestingInstanceLoader.createInstancesOfDependencies (../node_modules/@nestjs/core/injector/instance-loader.js:22:13)
      at TestingInstanceLoader.createInstancesOfDependencies (../node_modules/@nestjs/testing/testing-instance-loader.js:9:9)
      at TestingModuleBuilder.createInstancesOfDependencies (../node_modules/@nestjs/testing/testing-module.builder.js:118:9)
      at TestingModuleBuilder.compile (../node_modules/@nestjs/testing/testing-module.builder.js:74:9)
      at Object.<anonymous> (ai-moderation/ai-moderation.service.spec.ts:8:35)

FAIL finance/finance.controller.spec.ts
  ● FinanceController › should be defined

    Nest can't resolve dependencies of the AuthGuard (?, PrismaService). Please make sure that the argument SupabaseService at index [0] is available in the RootTestModule module.

    Potential solutions:
    - Is RootTestModule a valid NestJS module?
    - If SupabaseService is a provider, is it part of the current RootTestModule?
    - If SupabaseService is exported from a separate @Module, is that module imported within RootTestModule?
      @Module({
        imports: [ /* the Module containing SupabaseService */ ]
      })

    For more common dependency resolution issues, see: https://docs.nestjs.com/faq/common-errors

       9 |
      10 |   beforeEach(async () => {
    > 11 |     const module: TestingModule = await Test.createTestingModule({
         |                                   ^
      12 |       controllers: [FinanceController],
      13 |       providers: [
      14 |         { provide: ReconciliationService, useValue: {} },

      at TestingInjector.lookupComponentInParentModules (../node_modules/@nestjs/core/injector/injector.js:290:19)
      at TestingInjector.resolveComponentWrapper (../node_modules/@nestjs/testing/testing-injector.js:19:45)
      at resolveParam (../node_modules/@nestjs/core/injector/injector.js:140:38)
          at async Promise.all (index 0)
      at TestingInjector.resolveConstructorParams (../node_modules/@nestjs/core/injector/injector.js:169:27)
      at TestingInjector.loadInstance (../node_modules/@nestjs/core/injector/injector.js:75:13)
      at TestingInjector.loadInjectable (../node_modules/@nestjs/core/injector/injector.js:99:9)
      at ../node_modules/@nestjs/core/injector/instance-loader.js:80:13
          at async Promise.all (index 0)
      at TestingInstanceLoader.createInstancesOfInjectables (../node_modules/@nestjs/core/injector/instance-loader.js:79:9)
      at ../node_modules/@nestjs/core/injector/instance-loader.js:41:13
          at async Promise.all (index 1)
      at TestingInstanceLoader.createInstances (../node_modules/@nestjs/core/injector/instance-loader.js:39:9)
      at TestingInstanceLoader.createInstancesOfDependencies (../node_modules/@nestjs/core/injector/instance-loader.js:22:13)
      at TestingInstanceLoader.createInstancesOfDependencies (../node_modules/@nestjs/testing/testing-instance-loader.js:9:9)
      at TestingModuleBuilder.createInstancesOfDependencies (../node_modules/@nestjs/testing/testing-module.builder.js:118:9)
      at TestingModuleBuilder.compile (../node_modules/@nestjs/testing/testing-module.builder.js:74:9)
      at Object.<anonymous> (finance/finance.controller.spec.ts:11:35)

FAIL tours/tours.service.spec.ts
  ● ToursService › should be defined

    Nest can't resolve dependencies of the ToursService (PrismaService, CACHE_MANAGER, ?). Please make sure that the argument AiModerationService at index [2] is available in the RootTestModule module.

    Potential solutions:
    - Is RootTestModule a valid NestJS module?
    - If AiModerationService is a provider, is it part of the current RootTestModule?
    - If AiModerationService is exported from a separate @Module, is that module imported within RootTestModule?
      @Module({
        imports: [ /* the Module containing AiModerationService */ ]
      })

    For more common dependency resolution issues, see: https://docs.nestjs.com/faq/common-errors

      53 |
      54 |   beforeEach(async () => {
    > 55 |     const module: TestingModule = await Test.createTestingModule({
         |                                   ^
      56 |       providers: [
      57 |         ToursService,
      58 |         { provide: PrismaService, useValue: mockPrismaService },

      at TestingInjector.lookupComponentInParentModules (../node_modules/@nestjs/core/injector/injector.js:290:19)
      at TestingInjector.resolveComponentWrapper (../node_modules/@nestjs/testing/testing-injector.js:19:45)
      at resolveParam (../node_modules/@nestjs/core/injector/injector.js:140:38)
          at async Promise.all (index 2)
      at TestingInjector.resolveConstructorParams (../node_modules/@nestjs/core/injector/injector.js:169:27)
      at TestingInjector.loadInstance (../node_modules/@nestjs/core/injector/injector.js:75:13)
      at TestingInjector.loadProvider (../node_modules/@nestjs/core/injector/injector.js:103:9)
      at ../node_modules/@nestjs/core/injector/instance-loader.js:56:13
          at async Promise.all (index 3)
      at TestingInstanceLoader.createInstancesOfProviders (../node_modules/@nestjs/core/injector/instance-loader.js:55:9)
      at ../node_modules/@nestjs/core/injector/instance-loader.js:40:13
          at async Promise.all (index 1)
      at TestingInstanceLoader.createInstances (../node_modules/@nestjs/core/injector/instance-loader.js:39:9)
      at TestingInstanceLoader.createInstancesOfDependencies (../node_modules/@nestjs/core/injector/instance-loader.js:22:13)
      at TestingInstanceLoader.createInstancesOfDependencies (../node_modules/@nestjs/testing/testing-instance-loader.js:9:9)
      at TestingModuleBuilder.createInstancesOfDependencies (../node_modules/@nestjs/testing/testing-module.builder.js:118:9)
      at TestingModuleBuilder.compile (../node_modules/@nestjs/testing/testing-module.builder.js:74:9)
      at Object.<anonymous> (tours/tours.service.spec.ts:55:35)

  ● ToursService › getPublicTours › should return paginated tours with correct structure

    Nest can't resolve dependencies of the ToursService (PrismaService, CACHE_MANAGER, ?). Please make sure that the argument AiModerationService at index [2] is available in the RootTestModule module.

    Potential solutions:
    - Is RootTestModule a valid NestJS module?
    - If AiModerationService is a provider, is it part of the current RootTestModule?
    - If AiModerationService is exported from a separate @Module, is that module imported within RootTestModule?
      @Module({
        imports: [ /* the Module containing AiModerationService */ ]
      })

    For more common dependency resolution issues, see: https://docs.nestjs.com/faq/common-errors

      53 |
      54 |   beforeEach(async () => {
    > 55 |     const module: TestingModule = await Test.createTestingModule({
         |                                   ^
      56 |       providers: [
      57 |         ToursService,
      58 |         { provide: PrismaService, useValue: mockPrismaService },

      at TestingInjector.lookupComponentInParentModules (../node_modules/@nestjs/core/injector/injector.js:290:19)
      at TestingInjector.resolveComponentWrapper (../node_modules/@nestjs/testing/testing-injector.js:19:45)
      at resolveParam (../node_modules/@nestjs/core/injector/injector.js:140:38)
          at async Promise.all (index 2)
      at TestingInjector.resolveConstructorParams (../node_modules/@nestjs/core/injector/injector.js:169:27)
      at TestingInjector.loadInstance (../node_modules/@nestjs/core/injector/injector.js:75:13)
      at TestingInjector.loadProvider (../node_modules/@nestjs/core/injector/injector.js:103:9)
      at ../node_modules/@nestjs/core/injector/instance-loader.js:56:13
          at async Promise.all (index 3)
      at TestingInstanceLoader.createInstancesOfProviders (../node_modules/@nestjs/core/injector/instance-loader.js:55:9)
      at ../node_modules/@nestjs/core/injector/instance-loader.js:40:13
          at async Promise.all (index 1)
      at TestingInstanceLoader.createInstances (../node_modules/@nestjs/core/injector/instance-loader.js:39:9)
      at TestingInstanceLoader.createInstancesOfDependencies (../node_modules/@nestjs/core/injector/instance-loader.js:22:13)
      at TestingInstanceLoader.createInstancesOfDependencies (../node_modules/@nestjs/testing/testing-instance-loader.js:9:9)
      at TestingModuleBuilder.createInstancesOfDependencies (../node_modules/@nestjs/testing/testing-module.builder.js:118:9)
      at TestingModuleBuilder.compile (../node_modules/@nestjs/testing/testing-module.builder.js:74:9)
      at Object.<anonymous> (tours/tours.service.spec.ts:55:35)

  ● ToursService › getPublicTours › should apply default pagination when no params provided

    Nest can't resolve dependencies of the ToursService (PrismaService, CACHE_MANAGER, ?). Please make sure that the argument AiModerationService at index [2] is available in the RootTestModule module.

    Potential solutions:
    - Is RootTestModule a valid NestJS module?
    - If AiModerationService is a provider, is it part of the current RootTestModule?
    - If AiModerationService is exported from a separate @Module, is that module imported within RootTestModule?
      @Module({
        imports: [ /* the Module containing AiModerationService */ ]
      })

    For more common dependency resolution issues, see: https://docs.nestjs.com/faq/common-errors

      53 |
      54 |   beforeEach(async () => {
    > 55 |     const module: TestingModule = await Test.createTestingModule({
         |                                   ^
      56 |       providers: [
      57 |         ToursService,
      58 |         { provide: PrismaService, useValue: mockPrismaService },

      at TestingInjector.lookupComponentInParentModules (../node_modules/@nestjs/core/injector/injector.js:290:19)
      at TestingInjector.resolveComponentWrapper (../node_modules/@nestjs/testing/testing-injector.js:19:45)
      at resolveParam (../node_modules/@nestjs/core/injector/injector.js:140:38)
          at async Promise.all (index 2)
      at TestingInjector.resolveConstructorParams (../node_modules/@nestjs/core/injector/injector.js:169:27)
      at TestingInjector.loadInstance (../node_modules/@nestjs/core/injector/injector.js:75:13)
      at TestingInjector.loadProvider (../node_modules/@nestjs/core/injector/injector.js:103:9)
      at ../node_modules/@nestjs/core/injector/instance-loader.js:56:13
          at async Promise.all (index 3)
      at TestingInstanceLoader.createInstancesOfProviders (../node_modules/@nestjs/core/injector/instance-loader.js:55:9)
      at ../node_modules/@nestjs/core/injector/instance-loader.js:40:13
          at async Promise.all (index 1)
      at TestingInstanceLoader.createInstances (../node_modules/@nestjs/core/injector/instance-loader.js:39:9)
      at TestingInstanceLoader.createInstancesOfDependencies (../node_modules/@nestjs/core/injector/instance-loader.js:22:13)
      at TestingInstanceLoader.createInstancesOfDependencies (../node_modules/@nestjs/testing/testing-instance-loader.js:9:9)
      at TestingModuleBuilder.createInstancesOfDependencies (../node_modules/@nestjs/testing/testing-module.builder.js:118:9)
      at TestingModuleBuilder.compile (../node_modules/@nestjs/testing/testing-module.builder.js:74:9)
      at Object.<anonymous> (tours/tours.service.spec.ts:55:35)

  ● ToursService › getPublicTourDetail › should throw NotFoundException when tour does not exist

    Nest can't resolve dependencies of the ToursService (PrismaService, CACHE_MANAGER, ?). Please make sure that the argument AiModerationService at index [2] is available in the RootTestModule module.

    Potential solutions:
    - Is RootTestModule a valid NestJS module?
    - If AiModerationService is a provider, is it part of the current RootTestModule?
    - If AiModerationService is exported from a separate @Module, is that module imported within RootTestModule?
      @Module({
        imports: [ /* the Module containing AiModerationService */ ]
      })

    For more common dependency resolution issues, see: https://docs.nestjs.com/faq/common-errors

      53 |
      54 |   beforeEach(async () => {
    > 55 |     const module: TestingModule = await Test.createTestingModule({
         |                                   ^
      56 |       providers: [
      57 |         ToursService,
      58 |         { provide: PrismaService, useValue: mockPrismaService },

      at TestingInjector.lookupComponentInParentModules (../node_modules/@nestjs/core/injector/injector.js:290:19)
      at TestingInjector.resolveComponentWrapper (../node_modules/@nestjs/testing/testing-injector.js:19:45)
      at resolveParam (../node_modules/@nestjs/core/injector/injector.js:140:38)
          at async Promise.all (index 2)
      at TestingInjector.resolveConstructorParams (../node_modules/@nestjs/core/injector/injector.js:169:27)
      at TestingInjector.loadInstance (../node_modules/@nestjs/core/injector/injector.js:75:13)
      at TestingInjector.loadProvider (../node_modules/@nestjs/core/injector/injector.js:103:9)
      at ../node_modules/@nestjs/core/injector/instance-loader.js:56:13
          at async Promise.all (index 3)
      at TestingInstanceLoader.createInstancesOfProviders (../node_modules/@nestjs/core/injector/instance-loader.js:55:9)
      at ../node_modules/@nestjs/core/injector/instance-loader.js:40:13
          at async Promise.all (index 1)
      at TestingInstanceLoader.createInstances (../node_modules/@nestjs/core/injector/instance-loader.js:39:9)
      at TestingInstanceLoader.createInstancesOfDependencies (../node_modules/@nestjs/core/injector/instance-loader.js:22:13)
      at TestingInstanceLoader.createInstancesOfDependencies (../node_modules/@nestjs/testing/testing-instance-loader.js:9:9)
      at TestingModuleBuilder.createInstancesOfDependencies (../node_modules/@nestjs/testing/testing-module.builder.js:118:9)
      at TestingModuleBuilder.compile (../node_modules/@nestjs/testing/testing-module.builder.js:74:9)
      at Object.<anonymous> (tours/tours.service.spec.ts:55:35)

  ● ToursService › getPublicTourDetail › should return tour detail with related data

    Nest can't resolve dependencies of the ToursService (PrismaService, CACHE_MANAGER, ?). Please make sure that the argument AiModerationService at index [2] is available in the RootTestModule module.

    Potential solutions:
    - Is RootTestModule a valid NestJS module?
    - If AiModerationService is a provider, is it part of the current RootTestModule?
    - If AiModerationService is exported from a separate @Module, is that module imported within RootTestModule?
      @Module({
        imports: [ /* the Module containing AiModerationService */ ]
      })

    For more common dependency resolution issues, see: https://docs.nestjs.com/faq/common-errors

      53 |
      54 |   beforeEach(async () => {
    > 55 |     const module: TestingModule = await Test.createTestingModule({
         |                                   ^
      56 |       providers: [
      57 |         ToursService,
      58 |         { provide: PrismaService, useValue: mockPrismaService },

      at TestingInjector.lookupComponentInParentModules (../node_modules/@nestjs/core/injector/injector.js:290:19)
      at TestingInjector.resolveComponentWrapper (../node_modules/@nestjs/testing/testing-injector.js:19:45)
      at resolveParam (../node_modules/@nestjs/core/injector/injector.js:140:38)
          at async Promise.all (index 2)
      at TestingInjector.resolveConstructorParams (../node_modules/@nestjs/core/injector/injector.js:169:27)
      at TestingInjector.loadInstance (../node_modules/@nestjs/core/injector/injector.js:75:13)
      at TestingInjector.loadProvider (../node_modules/@nestjs/core/injector/injector.js:103:9)
      at ../node_modules/@nestjs/core/injector/instance-loader.js:56:13
          at async Promise.all (index 3)
      at TestingInstanceLoader.createInstancesOfProviders (../node_modules/@nestjs/core/injector/instance-loader.js:55:9)
      at ../node_modules/@nestjs/core/injector/instance-loader.js:40:13
          at async Promise.all (index 1)
      at TestingInstanceLoader.createInstances (../node_modules/@nestjs/core/injector/instance-loader.js:39:9)
      at TestingInstanceLoader.createInstancesOfDependencies (../node_modules/@nestjs/core/injector/instance-loader.js:22:13)
      at TestingInstanceLoader.createInstancesOfDependencies (../node_modules/@nestjs/testing/testing-instance-loader.js:9:9)
      at TestingModuleBuilder.createInstancesOfDependencies (../node_modules/@nestjs/testing/testing-module.builder.js:118:9)
      at TestingModuleBuilder.compile (../node_modules/@nestjs/testing/testing-module.builder.js:74:9)
      at Object.<anonymous> (tours/tours.service.spec.ts:55:35)

  ● ToursService › getTourCategories › should return list of categories

    Nest can't resolve dependencies of the ToursService (PrismaService, CACHE_MANAGER, ?). Please make sure that the argument AiModerationService at index [2] is available in the RootTestModule module.

    Potential solutions:
    - Is RootTestModule a valid NestJS module?
    - If AiModerationService is a provider, is it part of the current RootTestModule?
    - If AiModerationService is exported from a separate @Module, is that module imported within RootTestModule?
      @Module({
        imports: [ /* the Module containing AiModerationService */ ]
      })

    For more common dependency resolution issues, see: https://docs.nestjs.com/faq/common-errors

      53 |
      54 |   beforeEach(async () => {
    > 55 |     const module: TestingModule = await Test.createTestingModule({
         |                                   ^
      56 |       providers: [
      57 |         ToursService,
      58 |         { provide: PrismaService, useValue: mockPrismaService },

      at TestingInjector.lookupComponentInParentModules (../node_modules/@nestjs/core/injector/injector.js:290:19)
      at TestingInjector.resolveComponentWrapper (../node_modules/@nestjs/testing/testing-injector.js:19:45)
      at resolveParam (../node_modules/@nestjs/core/injector/injector.js:140:38)
          at async Promise.all (index 2)
      at TestingInjector.resolveConstructorParams (../node_modules/@nestjs/core/injector/injector.js:169:27)
      at TestingInjector.loadInstance (../node_modules/@nestjs/core/injector/injector.js:75:13)
      at TestingInjector.loadProvider (../node_modules/@nestjs/core/injector/injector.js:103:9)
      at ../node_modules/@nestjs/core/injector/instance-loader.js:56:13
          at async Promise.all (index 3)
      at TestingInstanceLoader.createInstancesOfProviders (../node_modules/@nestjs/core/injector/instance-loader.js:55:9)
      at ../node_modules/@nestjs/core/injector/instance-loader.js:40:13
          at async Promise.all (index 1)
      at TestingInstanceLoader.createInstances (../node_modules/@nestjs/core/injector/instance-loader.js:39:9)
      at TestingInstanceLoader.createInstancesOfDependencies (../node_modules/@nestjs/core/injector/instance-loader.js:22:13)
      at TestingInstanceLoader.createInstancesOfDependencies (../node_modules/@nestjs/testing/testing-instance-loader.js:9:9)
      at TestingModuleBuilder.createInstancesOfDependencies (../node_modules/@nestjs/testing/testing-module.builder.js:118:9)
      at TestingModuleBuilder.compile (../node_modules/@nestjs/testing/testing-module.builder.js:74:9)
      at Object.<anonymous> (tours/tours.service.spec.ts:55:35)

  ● ToursService › createTourSchedule › should throw BadRequestException when startDate is in the past

    Nest can't resolve dependencies of the ToursService (PrismaService, CACHE_MANAGER, ?). Please make sure that the argument AiModerationService at index [2] is available in the RootTestModule module.

    Potential solutions:
    - Is RootTestModule a valid NestJS module?
    - If AiModerationService is a provider, is it part of the current RootTestModule?
    - If AiModerationService is exported from a separate @Module, is that module imported within RootTestModule?
      @Module({
        imports: [ /* the Module containing AiModerationService */ ]
      })

    For more common dependency resolution issues, see: https://docs.nestjs.com/faq/common-errors

      53 |
      54 |   beforeEach(async () => {
    > 55 |     const module: TestingModule = await Test.createTestingModule({
         |                                   ^
      56 |       providers: [
      57 |         ToursService,
      58 |         { provide: PrismaService, useValue: mockPrismaService },

      at TestingInjector.lookupComponentInParentModules (../node_modules/@nestjs/core/injector/injector.js:290:19)
      at TestingInjector.resolveComponentWrapper (../node_modules/@nestjs/testing/testing-injector.js:19:45)
      at resolveParam (../node_modules/@nestjs/core/injector/injector.js:140:38)
          at async Promise.all (index 2)
      at TestingInjector.resolveConstructorParams (../node_modules/@nestjs/core/injector/injector.js:169:27)
      at TestingInjector.loadInstance (../node_modules/@nestjs/core/injector/injector.js:75:13)
      at TestingInjector.loadProvider (../node_modules/@nestjs/core/injector/injector.js:103:9)
      at ../node_modules/@nestjs/core/injector/instance-loader.js:56:13
          at async Promise.all (index 3)
      at TestingInstanceLoader.createInstancesOfProviders (../node_modules/@nestjs/core/injector/instance-loader.js:55:9)
      at ../node_modules/@nestjs/core/injector/instance-loader.js:40:13
          at async Promise.all (index 1)
      at TestingInstanceLoader.createInstances (../node_modules/@nestjs/core/injector/instance-loader.js:39:9)
      at TestingInstanceLoader.createInstancesOfDependencies (../node_modules/@nestjs/core/injector/instance-loader.js:22:13)
      at TestingInstanceLoader.createInstancesOfDependencies (../node_modules/@nestjs/testing/testing-instance-loader.js:9:9)
      at TestingModuleBuilder.createInstancesOfDependencies (../node_modules/@nestjs/testing/testing-module.builder.js:118:9)
      at TestingModuleBuilder.compile (../node_modules/@nestjs/testing/testing-module.builder.js:74:9)
      at Object.<anonymous> (tours/tours.service.spec.ts:55:35)

  ● ToursService › createTourSchedule › should create tour schedule when date is in the future and doesn't exist

    Nest can't resolve dependencies of the ToursService (PrismaService, CACHE_MANAGER, ?). Please make sure that the argument AiModerationService at index [2] is available in the RootTestModule module.

    Potential solutions:
    - Is RootTestModule a valid NestJS module?
    - If AiModerationService is a provider, is it part of the current RootTestModule?
    - If AiModerationService is exported from a separate @Module, is that module imported within RootTestModule?
      @Module({
        imports: [ /* the Module containing AiModerationService */ ]
      })

    For more common dependency resolution issues, see: https://docs.nestjs.com/faq/common-errors

      53 |
      54 |   beforeEach(async () => {
    > 55 |     const module: TestingModule = await Test.createTestingModule({
         |                                   ^
      56 |       providers: [
      57 |         ToursService,
      58 |         { provide: PrismaService, useValue: mockPrismaService },

      at TestingInjector.lookupComponentInParentModules (../node_modules/@nestjs/core/injector/injector.js:290:19)
      at TestingInjector.resolveComponentWrapper (../node_modules/@nestjs/testing/testing-injector.js:19:45)
      at resolveParam (../node_modules/@nestjs/core/injector/injector.js:140:38)
          at async Promise.all (index 2)
      at TestingInjector.resolveConstructorParams (../node_modules/@nestjs/core/injector/injector.js:169:27)
      at TestingInjector.loadInstance (../node_modules/@nestjs/core/injector/injector.js:75:13)
      at TestingInjector.loadProvider (../node_modules/@nestjs/core/injector/injector.js:103:9)
      at ../node_modules/@nestjs/core/injector/instance-loader.js:56:13
          at async Promise.all (index 3)
      at TestingInstanceLoader.createInstancesOfProviders (../node_modules/@nestjs/core/injector/instance-loader.js:55:9)
      at ../node_modules/@nestjs/core/injector/instance-loader.js:40:13
          at async Promise.all (index 1)
      at TestingInstanceLoader.createInstances (../node_modules/@nestjs/core/injector/instance-loader.js:39:9)
      at TestingInstanceLoader.createInstancesOfDependencies (../node_modules/@nestjs/core/injector/instance-loader.js:22:13)
      at TestingInstanceLoader.createInstancesOfDependencies (../node_modules/@nestjs/testing/testing-instance-loader.js:9:9)
      at TestingModuleBuilder.createInstancesOfDependencies (../node_modules/@nestjs/testing/testing-module.builder.js:118:9)
      at TestingModuleBuilder.compile (../node_modules/@nestjs/testing/testing-module.builder.js:74:9)
      at Object.<anonymous> (tours/tours.service.spec.ts:55:35)

FAIL reviews/reviews.service.spec.ts
  ● ReviewsService › should be defined

    Nest can't resolve dependencies of the ReviewsService (PrismaService, UserActivityLogsService, ?). Please make sure that the argument AiModerationService at index [2] is available in the RootTestModule module.

    Potential solutions:
    - Is RootTestModule a valid NestJS module?
    - If AiModerationService is a provider, is it part of the current RootTestModule?
    - If AiModerationService is exported from a separate @Module, is that module imported within RootTestModule?
      @Module({
        imports: [ /* the Module containing AiModerationService */ ]
      })

    For more common dependency resolution issues, see: https://docs.nestjs.com/faq/common-errors

      39 |
      40 |   beforeEach(async () => {
    > 41 |     const module: TestingModule = await Test.createTestingModule({
         |                                   ^
      42 |       providers: [
      43 |         ReviewsService,
      44 |         { provide: PrismaService, useValue: mockPrismaService },

      at TestingInjector.lookupComponentInParentModules (../node_modules/@nestjs/core/injector/injector.js:290:19)
      at TestingInjector.resolveComponentWrapper (../node_modules/@nestjs/testing/testing-injector.js:19:45)
      at resolveParam (../node_modules/@nestjs/core/injector/injector.js:140:38)
          at async Promise.all (index 2)
      at TestingInjector.resolveConstructorParams (../node_modules/@nestjs/core/injector/injector.js:169:27)
      at TestingInjector.loadInstance (../node_modules/@nestjs/core/injector/injector.js:75:13)
      at TestingInjector.loadProvider (../node_modules/@nestjs/core/injector/injector.js:103:9)
      at ../node_modules/@nestjs/core/injector/instance-loader.js:56:13
          at async Promise.all (index 3)
      at TestingInstanceLoader.createInstancesOfProviders (../node_modules/@nestjs/core/injector/instance-loader.js:55:9)
      at ../node_modules/@nestjs/core/injector/instance-loader.js:40:13
          at async Promise.all (index 1)
      at TestingInstanceLoader.createInstances (../node_modules/@nestjs/core/injector/instance-loader.js:39:9)
      at TestingInstanceLoader.createInstancesOfDependencies (../node_modules/@nestjs/core/injector/instance-loader.js:22:13)
      at TestingInstanceLoader.createInstancesOfDependencies (../node_modules/@nestjs/testing/testing-instance-loader.js:9:9)
      at TestingModuleBuilder.createInstancesOfDependencies (../node_modules/@nestjs/testing/testing-module.builder.js:118:9)
      at TestingModuleBuilder.compile (../node_modules/@nestjs/testing/testing-module.builder.js:74:9)
      at Object.<anonymous> (reviews/reviews.service.spec.ts:41:35)

  ● ReviewsService › createTourReview › should throw NotFoundException when tour request does not exist

    Nest can't resolve dependencies of the ReviewsService (PrismaService, UserActivityLogsService, ?). Please make sure that the argument AiModerationService at index [2] is available in the RootTestModule module.

    Potential solutions:
    - Is RootTestModule a valid NestJS module?
    - If AiModerationService is a provider, is it part of the current RootTestModule?
    - If AiModerationService is exported from a separate @Module, is that module imported within RootTestModule?
      @Module({
        imports: [ /* the Module containing AiModerationService */ ]
      })

    For more common dependency resolution issues, see: https://docs.nestjs.com/faq/common-errors

      39 |
      40 |   beforeEach(async () => {
    > 41 |     const module: TestingModule = await Test.createTestingModule({
         |                                   ^
      42 |       providers: [
      43 |         ReviewsService,
      44 |         { provide: PrismaService, useValue: mockPrismaService },

      at TestingInjector.lookupComponentInParentModules (../node_modules/@nestjs/core/injector/injector.js:290:19)
      at TestingInjector.resolveComponentWrapper (../node_modules/@nestjs/testing/testing-injector.js:19:45)
      at resolveParam (../node_modules/@nestjs/core/injector/injector.js:140:38)
          at async Promise.all (index 2)
      at TestingInjector.resolveConstructorParams (../node_modules/@nestjs/core/injector/injector.js:169:27)
      at TestingInjector.loadInstance (../node_modules/@nestjs/core/injector/injector.js:75:13)
      at TestingInjector.loadProvider (../node_modules/@nestjs/core/injector/injector.js:103:9)
      at ../node_modules/@nestjs/core/injector/instance-loader.js:56:13
          at async Promise.all (index 3)
      at TestingInstanceLoader.createInstancesOfProviders (../node_modules/@nestjs/core/injector/instance-loader.js:55:9)
      at ../node_modules/@nestjs/core/injector/instance-loader.js:40:13
          at async Promise.all (index 1)
      at TestingInstanceLoader.createInstances (../node_modules/@nestjs/core/injector/instance-loader.js:39:9)
      at TestingInstanceLoader.createInstancesOfDependencies (../node_modules/@nestjs/core/injector/instance-loader.js:22:13)
      at TestingInstanceLoader.createInstancesOfDependencies (../node_modules/@nestjs/testing/testing-instance-loader.js:9:9)
      at TestingModuleBuilder.createInstancesOfDependencies (../node_modules/@nestjs/testing/testing-module.builder.js:118:9)
      at TestingModuleBuilder.compile (../node_modules/@nestjs/testing/testing-module.builder.js:74:9)
      at Object.<anonymous> (reviews/reviews.service.spec.ts:41:35)

  ● ReviewsService › createTourReview › should throw ForbiddenException when user does not own the request

    Nest can't resolve dependencies of the ReviewsService (PrismaService, UserActivityLogsService, ?). Please make sure that the argument AiModerationService at index [2] is available in the RootTestModule module.

    Potential solutions:
    - Is RootTestModule a valid NestJS module?
    - If AiModerationService is a provider, is it part of the current RootTestModule?
    - If AiModerationService is exported from a separate @Module, is that module imported within RootTestModule?
      @Module({
        imports: [ /* the Module containing AiModerationService */ ]
      })

    For more common dependency resolution issues, see: https://docs.nestjs.com/faq/common-errors

      39 |
      40 |   beforeEach(async () => {
    > 41 |     const module: TestingModule = await Test.createTestingModule({
         |                                   ^
      42 |       providers: [
      43 |         ReviewsService,
      44 |         { provide: PrismaService, useValue: mockPrismaService },

      at TestingInjector.lookupComponentInParentModules (../node_modules/@nestjs/core/injector/injector.js:290:19)
      at TestingInjector.resolveComponentWrapper (../node_modules/@nestjs/testing/testing-injector.js:19:45)
      at resolveParam (../node_modules/@nestjs/core/injector/injector.js:140:38)
          at async Promise.all (index 2)
      at TestingInjector.resolveConstructorParams (../node_modules/@nestjs/core/injector/injector.js:169:27)
      at TestingInjector.loadInstance (../node_modules/@nestjs/core/injector/injector.js:75:13)
      at TestingInjector.loadProvider (../node_modules/@nestjs/core/injector/injector.js:103:9)
      at ../node_modules/@nestjs/core/injector/instance-loader.js:56:13
          at async Promise.all (index 3)
      at TestingInstanceLoader.createInstancesOfProviders (../node_modules/@nestjs/core/injector/instance-loader.js:55:9)
      at ../node_modules/@nestjs/core/injector/instance-loader.js:40:13
          at async Promise.all (index 1)
      at TestingInstanceLoader.createInstances (../node_modules/@nestjs/core/injector/instance-loader.js:39:9)
      at TestingInstanceLoader.createInstancesOfDependencies (../node_modules/@nestjs/core/injector/instance-loader.js:22:13)
      at TestingInstanceLoader.createInstancesOfDependencies (../node_modules/@nestjs/testing/testing-instance-loader.js:9:9)
      at TestingModuleBuilder.createInstancesOfDependencies (../node_modules/@nestjs/testing/testing-module.builder.js:118:9)
      at TestingModuleBuilder.compile (../node_modules/@nestjs/testing/testing-module.builder.js:74:9)
      at Object.<anonymous> (reviews/reviews.service.spec.ts:41:35)

  ● ReviewsService › createTourReview › should throw BadRequestException when tour request has invalid status

    Nest can't resolve dependencies of the ReviewsService (PrismaService, UserActivityLogsService, ?). Please make sure that the argument AiModerationService at index [2] is available in the RootTestModule module.

    Potential solutions:
    - Is RootTestModule a valid NestJS module?
    - If AiModerationService is a provider, is it part of the current RootTestModule?
    - If AiModerationService is exported from a separate @Module, is that module imported within RootTestModule?
      @Module({
        imports: [ /* the Module containing AiModerationService */ ]
      })

    For more common dependency resolution issues, see: https://docs.nestjs.com/faq/common-errors

      39 |
      40 |   beforeEach(async () => {
    > 41 |     const module: TestingModule = await Test.createTestingModule({
         |                                   ^
      42 |       providers: [
      43 |         ReviewsService,
      44 |         { provide: PrismaService, useValue: mockPrismaService },

      at TestingInjector.lookupComponentInParentModules (../node_modules/@nestjs/core/injector/injector.js:290:19)
      at TestingInjector.resolveComponentWrapper (../node_modules/@nestjs/testing/testing-injector.js:19:45)
      at resolveParam (../node_modules/@nestjs/core/injector/injector.js:140:38)
          at async Promise.all (index 2)
      at TestingInjector.resolveConstructorParams (../node_modules/@nestjs/core/injector/injector.js:169:27)
      at TestingInjector.loadInstance (../node_modules/@nestjs/core/injector/injector.js:75:13)
      at TestingInjector.loadProvider (../node_modules/@nestjs/core/injector/injector.js:103:9)
      at ../node_modules/@nestjs/core/injector/instance-loader.js:56:13
          at async Promise.all (index 3)
      at TestingInstanceLoader.createInstancesOfProviders (../node_modules/@nestjs/core/injector/instance-loader.js:55:9)
      at ../node_modules/@nestjs/core/injector/instance-loader.js:40:13
          at async Promise.all (index 1)
      at TestingInstanceLoader.createInstances (../node_modules/@nestjs/core/injector/instance-loader.js:39:9)
      at TestingInstanceLoader.createInstancesOfDependencies (../node_modules/@nestjs/core/injector/instance-loader.js:22:13)
      at TestingInstanceLoader.createInstancesOfDependencies (../node_modules/@nestjs/testing/testing-instance-loader.js:9:9)
      at TestingModuleBuilder.createInstancesOfDependencies (../node_modules/@nestjs/testing/testing-module.builder.js:118:9)
      at TestingModuleBuilder.compile (../node_modules/@nestjs/testing/testing-module.builder.js:74:9)
      at Object.<anonymous> (reviews/reviews.service.spec.ts:41:35)

  ● ReviewsService › createTourReview › should throw ConflictException when user already reviewed

    Nest can't resolve dependencies of the ReviewsService (PrismaService, UserActivityLogsService, ?). Please make sure that the argument AiModerationService at index [2] is available in the RootTestModule module.

    Potential solutions:
    - Is RootTestModule a valid NestJS module?
    - If AiModerationService is a provider, is it part of the current RootTestModule?
    - If AiModerationService is exported from a separate @Module, is that module imported within RootTestModule?
      @Module({
        imports: [ /* the Module containing AiModerationService */ ]
      })

    For more common dependency resolution issues, see: https://docs.nestjs.com/faq/common-errors

      39 |
      40 |   beforeEach(async () => {
    > 41 |     const module: TestingModule = await Test.createTestingModule({
         |                                   ^
      42 |       providers: [
      43 |         ReviewsService,
      44 |         { provide: PrismaService, useValue: mockPrismaService },

      at TestingInjector.lookupComponentInParentModules (../node_modules/@nestjs/core/injector/injector.js:290:19)
      at TestingInjector.resolveComponentWrapper (../node_modules/@nestjs/testing/testing-injector.js:19:45)
      at resolveParam (../node_modules/@nestjs/core/injector/injector.js:140:38)
          at async Promise.all (index 2)
      at TestingInjector.resolveConstructorParams (../node_modules/@nestjs/core/injector/injector.js:169:27)
      at TestingInjector.loadInstance (../node_modules/@nestjs/core/injector/injector.js:75:13)
      at TestingInjector.loadProvider (../node_modules/@nestjs/core/injector/injector.js:103:9)
      at ../node_modules/@nestjs/core/injector/instance-loader.js:56:13
          at async Promise.all (index 3)
      at TestingInstanceLoader.createInstancesOfProviders (../node_modules/@nestjs/core/injector/instance-loader.js:55:9)
      at ../node_modules/@nestjs/core/injector/instance-loader.js:40:13
          at async Promise.all (index 1)
      at TestingInstanceLoader.createInstances (../node_modules/@nestjs/core/injector/instance-loader.js:39:9)
      at TestingInstanceLoader.createInstancesOfDependencies (../node_modules/@nestjs/core/injector/instance-loader.js:22:13)
      at TestingInstanceLoader.createInstancesOfDependencies (../node_modules/@nestjs/testing/testing-instance-loader.js:9:9)
      at TestingModuleBuilder.createInstancesOfDependencies (../node_modules/@nestjs/testing/testing-module.builder.js:118:9)
      at TestingModuleBuilder.compile (../node_modules/@nestjs/testing/testing-module.builder.js:74:9)
      at Object.<anonymous> (reviews/reviews.service.spec.ts:41:35)

  ● ReviewsService › createTourReview › should create review successfully with valid data

    Nest can't resolve dependencies of the ReviewsService (PrismaService, UserActivityLogsService, ?). Please make sure that the argument AiModerationService at index [2] is available in the RootTestModule module.

    Potential solutions:
    - Is RootTestModule a valid NestJS module?
    - If AiModerationService is a provider, is it part of the current RootTestModule?
    - If AiModerationService is exported from a separate @Module, is that module imported within RootTestModule?
      @Module({
        imports: [ /* the Module containing AiModerationService */ ]
      })

    For more common dependency resolution issues, see: https://docs.nestjs.com/faq/common-errors

      39 |
      40 |   beforeEach(async () => {
    > 41 |     const module: TestingModule = await Test.createTestingModule({
         |                                   ^
      42 |       providers: [
      43 |         ReviewsService,
      44 |         { provide: PrismaService, useValue: mockPrismaService },

      at TestingInjector.lookupComponentInParentModules (../node_modules/@nestjs/core/injector/injector.js:290:19)
      at TestingInjector.resolveComponentWrapper (../node_modules/@nestjs/testing/testing-injector.js:19:45)
      at resolveParam (../node_modules/@nestjs/core/injector/injector.js:140:38)
          at async Promise.all (index 2)
      at TestingInjector.resolveConstructorParams (../node_modules/@nestjs/core/injector/injector.js:169:27)
      at TestingInjector.loadInstance (../node_modules/@nestjs/core/injector/injector.js:75:13)
      at TestingInjector.loadProvider (../node_modules/@nestjs/core/injector/injector.js:103:9)
      at ../node_modules/@nestjs/core/injector/instance-loader.js:56:13
          at async Promise.all (index 3)
      at TestingInstanceLoader.createInstancesOfProviders (../node_modules/@nestjs/core/injector/instance-loader.js:55:9)
      at ../node_modules/@nestjs/core/injector/instance-loader.js:40:13
          at async Promise.all (index 1)
      at TestingInstanceLoader.createInstances (../node_modules/@nestjs/core/injector/instance-loader.js:39:9)
      at TestingInstanceLoader.createInstancesOfDependencies (../node_modules/@nestjs/core/injector/instance-loader.js:22:13)
      at TestingInstanceLoader.createInstancesOfDependencies (../node_modules/@nestjs/testing/testing-instance-loader.js:9:9)
      at TestingModuleBuilder.createInstancesOfDependencies (../node_modules/@nestjs/testing/testing-module.builder.js:118:9)
      at TestingModuleBuilder.compile (../node_modules/@nestjs/testing/testing-module.builder.js:74:9)
      at Object.<anonymous> (reviews/reviews.service.spec.ts:41:35)

  ● ReviewsService › getTourReviews › should return paginated reviews with user info

    Nest can't resolve dependencies of the ReviewsService (PrismaService, UserActivityLogsService, ?). Please make sure that the argument AiModerationService at index [2] is available in the RootTestModule module.

    Potential solutions:
    - Is RootTestModule a valid NestJS module?
    - If AiModerationService is a provider, is it part of the current RootTestModule?
    - If AiModerationService is exported from a separate @Module, is that module imported within RootTestModule?
      @Module({
        imports: [ /* the Module containing AiModerationService */ ]
      })

    For more common dependency resolution issues, see: https://docs.nestjs.com/faq/common-errors

      39 |
      40 |   beforeEach(async () => {
    > 41 |     const module: TestingModule = await Test.createTestingModule({
         |                                   ^
      42 |       providers: [
      43 |         ReviewsService,
      44 |         { provide: PrismaService, useValue: mockPrismaService },

      at TestingInjector.lookupComponentInParentModules (../node_modules/@nestjs/core/injector/injector.js:290:19)
      at TestingInjector.resolveComponentWrapper (../node_modules/@nestjs/testing/testing-injector.js:19:45)
      at resolveParam (../node_modules/@nestjs/core/injector/injector.js:140:38)
          at async Promise.all (index 2)
      at TestingInjector.resolveConstructorParams (../node_modules/@nestjs/core/injector/injector.js:169:27)
      at TestingInjector.loadInstance (../node_modules/@nestjs/core/injector/injector.js:75:13)
      at TestingInjector.loadProvider (../node_modules/@nestjs/core/injector/injector.js:103:9)
      at ../node_modules/@nestjs/core/injector/instance-loader.js:56:13
          at async Promise.all (index 3)
      at TestingInstanceLoader.createInstancesOfProviders (../node_modules/@nestjs/core/injector/instance-loader.js:55:9)
      at ../node_modules/@nestjs/core/injector/instance-loader.js:40:13
          at async Promise.all (index 1)
      at TestingInstanceLoader.createInstances (../node_modules/@nestjs/core/injector/instance-loader.js:39:9)
      at TestingInstanceLoader.createInstancesOfDependencies (../node_modules/@nestjs/core/injector/instance-loader.js:22:13)
      at TestingInstanceLoader.createInstancesOfDependencies (../node_modules/@nestjs/testing/testing-instance-loader.js:9:9)
      at TestingModuleBuilder.createInstancesOfDependencies (../node_modules/@nestjs/testing/testing-module.builder.js:118:9)
      at TestingModuleBuilder.compile (../node_modules/@nestjs/testing/testing-module.builder.js:74:9)
      at Object.<anonymous> (reviews/reviews.service.spec.ts:41:35)

  ● ReviewsService › getTourReviews › should handle empty reviews list

    Nest can't resolve dependencies of the ReviewsService (PrismaService, UserActivityLogsService, ?). Please make sure that the argument AiModerationService at index [2] is available in the RootTestModule module.

    Potential solutions:
    - Is RootTestModule a valid NestJS module?
    - If AiModerationService is a provider, is it part of the current RootTestModule?
    - If AiModerationService is exported from a separate @Module, is that module imported within RootTestModule?
      @Module({
        imports: [ /* the Module containing AiModerationService */ ]
      })

    For more common dependency resolution issues, see: https://docs.nestjs.com/faq/common-errors

      39 |
      40 |   beforeEach(async () => {
    > 41 |     const module: TestingModule = await Test.createTestingModule({
         |                                   ^
      42 |       providers: [
      43 |         ReviewsService,
      44 |         { provide: PrismaService, useValue: mockPrismaService },

      at TestingInjector.lookupComponentInParentModules (../node_modules/@nestjs/core/injector/injector.js:290:19)
      at TestingInjector.resolveComponentWrapper (../node_modules/@nestjs/testing/testing-injector.js:19:45)
      at resolveParam (../node_modules/@nestjs/core/injector/injector.js:140:38)
          at async Promise.all (index 2)
      at TestingInjector.resolveConstructorParams (../node_modules/@nestjs/core/injector/injector.js:169:27)
      at TestingInjector.loadInstance (../node_modules/@nestjs/core/injector/injector.js:75:13)
      at TestingInjector.loadProvider (../node_modules/@nestjs/core/injector/injector.js:103:9)
      at ../node_modules/@nestjs/core/injector/instance-loader.js:56:13
          at async Promise.all (index 3)
      at TestingInstanceLoader.createInstancesOfProviders (../node_modules/@nestjs/core/injector/instance-loader.js:55:9)
      at ../node_modules/@nestjs/core/injector/instance-loader.js:40:13
          at async Promise.all (index 1)
      at TestingInstanceLoader.createInstances (../node_modules/@nestjs/core/injector/instance-loader.js:39:9)
      at TestingInstanceLoader.createInstancesOfDependencies (../node_modules/@nestjs/core/injector/instance-loader.js:22:13)
      at TestingInstanceLoader.createInstancesOfDependencies (../node_modules/@nestjs/testing/testing-instance-loader.js:9:9)
      at TestingModuleBuilder.createInstancesOfDependencies (../node_modules/@nestjs/testing/testing-module.builder.js:118:9)
      at TestingModuleBuilder.compile (../node_modules/@nestjs/testing/testing-module.builder.js:74:9)
      at Object.<anonymous> (reviews/reviews.service.spec.ts:41:35)


Test Suites: 4 failed, 23 passed, 27 total
Tests:       18 failed, 66 passed, 84 total
Snapshots:   0 total
Time:        2.219 s
Ran all test suites.
